root@eltex-practice2-pg1-v17:~# git config --global user.name "FHN1V2"
root@eltex-practice2-pg1-v17:~# git config --global user.email "parfenov200407@gmail.com"
root@eltex-practice2-pg1-v17:~# git config --global init.defaultBranch main
root@eltex-practice2-pg1-v17:~# 

root@eltex-practice2-pg1-v17:~# apt update
Get:1 http://security.ubuntu.com/ubuntu noble-security InRelease [126 kB]
Hit:2 http://ru.archive.ubuntu.com/ubuntu noble InRelease
Get:3 http://ru.archive.ubuntu.com/ubuntu noble-updates InRelease [126 kB]
Get:4 http://ru.archive.ubuntu.com/ubuntu noble-backports InRelease [126 kB]
Get:5 http://ru.archive.ubuntu.com/ubuntu noble-updates/main amd64 Packages [1498 kB]
Get:6 http://security.ubuntu.com/ubuntu noble-security/main amd64 Components [21.6 kB]
Get:7 http://ru.archive.ubuntu.com/ubuntu noble-updates/main amd64 Components [175 kB]
Get:8 http://ru.archive.ubuntu.com/ubuntu noble-updates/restricted amd64 Components [212 B]
Get:9 http://ru.archive.ubuntu.com/ubuntu noble-updates/universe amd64 Packages [1496 kB]
Get:10 http://ru.archive.ubuntu.com/ubuntu noble-updates/universe amd64 Components [378 kB]
Get:11 http://ru.archive.ubuntu.com/ubuntu noble-updates/multiverse amd64 Components [940 B]
Get:12 http://ru.archive.ubuntu.com/ubuntu noble-backports/main amd64 Components [7140 B]
Get:13 http://ru.archive.ubuntu.com/ubuntu noble-backports/restricted amd64 Components [216 B]
Get:14 http://ru.archive.ubuntu.com/ubuntu noble-backports/universe amd64 Components [11.0 kB]
Get:15 http://security.ubuntu.com/ubuntu noble-security/restricted amd64 Components [212 B]
Get:16 http://security.ubuntu.com/ubuntu noble-security/universe amd64 Components [52.2 kB]
Get:17 http://security.ubuntu.com/ubuntu noble-security/multiverse amd64 Components [212 B]
Get:18 http://ru.archive.ubuntu.com/ubuntu noble-backports/multiverse amd64 Components [212 B]
Fetched 4019 kB in 1s (3596 kB/s)                                   
Reading package lists... Done
Building dependency tree... Done
Reading state information... Done
83 packages can be upgraded. Run 'apt list --upgradable' to see them.
root@eltex-practice2-pg1-v17:~# apt install git gh
Reading package lists... Done
Building dependency tree... Done
Reading state information... Done
git is already the newest version (1:2.43.0-1ubuntu7.3).
git set to manually installed.
The following NEW packages will be installed:
  gh
0 upgraded, 1 newly installed, 0 to remove and 83 not upgraded.
Need to get 8836 kB of archives.
After this operation, 45.4 MB of additional disk space will be used.
Do you want to continue? [Y/n] Y
Get:1 http://ru.archive.ubuntu.com/ubuntu noble-updates/universe amd64 gh amd64 2.45.0-1ubuntu0.3 [8836 kB]
Fetched 8836 kB in 1s (10.1 MB/s)
Selecting previously unselected package gh.
(Reading database ... 124961 files and directories currently installed.)
Preparing to unpack .../gh_2.45.0-1ubuntu0.3_amd64.deb ...
Unpacking gh (2.45.0-1ubuntu0.3) ...
Setting up gh (2.45.0-1ubuntu0.3) ...
Processing triggers for man-db (2.12.0-4build2) ...
Scanning processes...                                                           
Scanning candidates...                                                          
Scanning linux images...                                                        

Pending kernel upgrade!
Running kernel version:
  6.8.0-55-generic
Diagnostics:
  The currently running kernel version is not the expected kernel version
6.8.0-85-generic.

Restarting the system to load the new kernel will not be handled automatically,
so you should consider rebooting.

Restarting services...

Service restarts being deferred:
 /etc/needrestart/restart.d/dbus.service
 systemctl restart getty@tty1.service
 systemctl restart systemd-logind.service
 systemctl restart unattended-upgrades.service

No containers need to be restarted.

No user sessions are running outdated binaries.

No VM guests are running outdated hypervisor (qemu) binaries on this host.
root@eltex-practice2-pg1-v17:~# 

root@eltex-practice2-pg1-v17:~# ssh-keygen -t ed25519 -f ~/.ssh/FHN1V2
Generating public/private ed25519 key pair.
Enter passphrase (empty for no passphrase): 
Enter same passphrase again: 
Your identification has been saved in /root/.ssh/FHN1V2
Your public key has been saved in /root/.ssh/FHN1V2.pub
The key fingerprint is:
SHA256:Oh6hyRafhRY7j9yt3eDahqdufucgenACtMWzQ05dyjI root@eltex-practice2-pg1-v17
The key's randomart image is:
+--[ED25519 256]--+
|     . . ..      |
|    . *...       |
|   . *Eoo        |
|    o +*         |
|    ..*.S        |
|   . BoX..       |
|    = O++.+      |
|   . . ++*++.    |
|      o=**+oo    |
+----[SHA256]-----+
root@eltex-practice2-pg1-v17:~# 

root@eltex-practice2-pg1-v17:~# gh auth login 
? What account do you want to log into? GitHub.com
? What is your preferred protocol for Git operations on this host? SSH
? Upload your SSH public key to your GitHub account? /root/.ssh/FHN1V2.pub
? Title for your SSH key: eltex-practice2-pg1-v17
? How would you like to authenticate GitHub CLI? Login with a web browser

! First copy your one-time code: 1F61-3CAB
Press Enter to open github.com in your browser... 
! Failed opening a web browser at https://github.com/login/device
  exec: "xdg-open,x-www-browser,www-browser,wslview": executable file not found in $PATH
  Please try entering the URL in your browser manually
✓ Authentication complete.
- gh config set -h github.com git_protocol ssh
✓ Configured git protocol
! Authentication credentials saved in plain text
✓ Uploaded the SSH key to your GitHub account: /root/.ssh/FHN1V2.pub
✓ Logged in as FHN1V2
root@eltex-practice2-pg1-v17:~# 

root@eltex-practice2-pg1-v17:~# gh auth setup-git --hostname github.com
root@eltex-practice2-pg1-v17:~# gh auth status 
github.com
  ✓ Logged in to github.com account FHN1V2 (/root/.config/gh/hosts.yml)
  - Active account: true
  - Git operations protocol: ssh
  - Token: gho_************************************
  - Token scopes: 'admin:public_key', 'gist', 'read:org', 'repo'
root@eltex-practice2-pg1-v17:~# 

root@eltex-practice2-pg1-v17:~# gh repo create --public Module1Eltex
✓ Created repository FHN1V2/Module1Eltex on GitHub
  https://github.com/FHN1V2/Module1Eltex
root@eltex-practice2-pg1-v17:~# mkdir ~/Module1Eltex
root@eltex-practice2-pg1-v17:~# cd Module1Eltex/
root@eltex-practice2-pg1-v17:~/Module1Eltex# echo "# Репозиторий содержаший практики по осенней школе Элтекс" >> README.md
root@eltex-practice2-pg1-v17:~/Module1Eltex# 
root@eltex-practice2-pg1-v17:~/Module1Eltex# git init
Initialized empty Git repository in /root/Module1Eltex/.git/
root@eltex-practice2-pg1-v17:~/Module1Eltex# git add README.md 
root@eltex-practice2-pg1-v17:~/Module1Eltex# git commit -m "first commit"
[main (root-commit) aa6e50a] first commit
 1 file changed, 1 insertion(+)
 create mode 100644 README.md
root@eltex-practice2-pg1-v17:~/Module1Eltex# git branch -M main
root@eltex-practice2-pg1-v17:~/Module1Eltex# git remote add origin https://github.com/FHN1V2/Module1Eltex.git
root@eltex-practice2-pg1-v17:~/Module1Eltex# git status
On branch main
nothing to commit, working tree clean
root@eltex-practice2-pg1-v17:~/Module1Eltex# git push -u origin main
Enumerating objects: 3, done.
Counting objects: 100% (3/3), done.
Delta compression using up to 2 threads
Compressing objects: 100% (2/2), done.
Writing objects: 100% (3/3), 294 bytes | 294.00 KiB/s, done.
Total 3 (delta 0), reused 0 (delta 0), pack-reused 0
To https://github.com/FHN1V2/Module1Eltex.git
 * [new branch]      main -> main
branch 'main' set up to track 'origin/main'.
root@eltex-practice2-pg1-v17:~/Module1Eltex# 

root@eltex-practice2-pg1-v17:~/Module1Eltex# mkdir module1
root@eltex-practice2-pg1-v17:~/Module1Eltex# mkdir module1/task1
root@eltex-practice2-pg1-v17:~/Module1Eltex# mkdir module1/task2
root@eltex-practice2-pg1-v17:~/Module1Eltex# mkdir module1/task3

eltex-pg1-v17@eltex-2025-autumn:~$ scp eltex-pg1-v17_part.log root@172.16.9.191:/root/Module1Eltex/
/root/Module1Eltex/module1/    /root/Module1Eltex/README.md 
eltex-pg1-v17@eltex-2025-autumn:~$ scp eltex-pg1-v17_part.log root@172.16.9.191:/root/Module1Eltex/module1/task1/
eltex-pg1-v17_part.log                                   100%  403KB   4.9MB/s   00:00    
eltex-pg1-v17@eltex-2025-autumn:~$ scp eltex-pg1-v17_part3.log root@172.16.9.191:/root/Module1Eltex/module1/task1/
eltex-pg1-v17_part3.log                                  100%  431    22.5KB/s   00:00    
eltex-pg1-v17@eltex-2025-autumn:~$ scp eltex-pg1-v17_part3.log root@172.16.9.191:/root/Module1Eltex/module1/task1/
eltex-pg1-v17_part3_gt50M.log   eltex-pg1-v17_part3.log 
eltex-pg1-v17@eltex-2025-autumn:~$ scp eltex-pg1-v17_part3.log root@172.16.9.191:/root/Module1Eltex/module1/task1/
eltex-pg1-v17_part3_gt50M.log   eltex-pg1-v17_part3.log 
eltex-pg1-v17@eltex-2025-autumn:~$ scp eltex-pg1-v17_part3_gt50M.log .log root@172.16.9.191:/root/Module1Eltex/module1/task1/
eltex-pg1-v17_part3_gt50M.log                            100%  615    44.5KB/s   00:00    
.log                                                     100%  131     9.7KB/s   00:00    
eltex-pg1-v17@eltex-2025-autumn:~$ 
oot@eltex-practice2-pg1-v17:~/Module1Eltex# nano ~/practice2_eltex-pg1-v17_part3.log 
root@eltex-practice2-pg1-v17:~/Module1Eltex# mv ~/practice2_eltex-pg1-v17_part1.log 
.git/      README.md  module1/   
root@eltex-practice2-pg1-v17:~/Module1Eltex# mv ~/practice2_eltex-pg1-v17_part1.log module1/task2/
root@eltex-practice2-pg1-v17:~/Module1Eltex# mv ~/practice2_eltex-pg1-v17_part2.log module1/task2/
root@eltex-practice2-pg1-v17:~/Module1Eltex# ls module1/task2/
practice2_eltex-pg1-v17_part1.log  practice2_eltex-pg1-v17_part2.log
root@eltex-practice2-pg1-v17:~/Module1Eltex# mv ~/practice2_eltex-pg1-v17_part3.log module1/task2/
root@eltex-practice2-pg1-v17:~/Module1Eltex# git add .
root@eltex-practice2-pg1-v17:~/Module1Eltex# git status 
On branch main
Your branch is up to date with 'origin/main'.

Changes to be committed:
  (use "git restore --staged <file>..." to unstage)
	new file:   module1/task1/.log
	new file:   module1/task1/eltex-pg1-v17_part.log
	new file:   module1/task1/eltex-pg1-v17_part3.log
	new file:   module1/task1/eltex-pg1-v17_part3_gt50M.log
	new file:   module1/task2/practice2_eltex-pg1-v17_part1.log
	new file:   module1/task2/practice2_eltex-pg1-v17_part2.log
	new file:   module1/task2/practice2_eltex-pg1-v17_part3.log

root@eltex-practice2-pg1-v17:~/Module1Eltex# git commit -m "Добавлены логи практик"
[main 0c45b18] Добавлены логи практик
 7 files changed, 5238 insertions(+)
 create mode 100644 module1/task1/.log
 create mode 100644 module1/task1/eltex-pg1-v17_part.log
 create mode 100644 module1/task1/eltex-pg1-v17_part3.log
 create mode 100644 module1/task1/eltex-pg1-v17_part3_gt50M.log
 create mode 100644 module1/task2/practice2_eltex-pg1-v17_part1.log
 create mode 100644 module1/task2/practice2_eltex-pg1-v17_part2.log
 create mode 100644 module1/task2/practice2_eltex-pg1-v17_part3.log
root@eltex-practice2-pg1-v17:~/Module1Eltex# git push 
Enumerating objects: 13, done.
Counting objects: 100% (13/13), done.
Delta compression using up to 2 threads
Compressing objects: 100% (12/12), done.
Writing objects: 100% (12/12), 38.20 KiB | 7.64 MiB/s, done.
Total 12 (delta 0), reused 0 (delta 0), pack-reused 0
To https://github.com/FHN1V2/Module1Eltex.git
   aa6e50a..0c45b18  main -> main
root@eltex-practice2-pg1-v17:~/Module1Eltex# 

root@eltex-practice2-pg1-v17:~# mkdir ~/Module1Eltex_clone && cd ~/Module1Eltex_clone
root@eltex-practice2-pg1-v17:~/Module1Eltex_clone# ls ~/
Module1Eltex        etc_backup     etc_backup.tar.bz2  etc_backup.tar.xz  etc_backup_gzip
Module1Eltex_clone  etc_backup.7z  etc_backup.tar.gz   etc_backup_7zip    spisok.txt
root@eltex-practice2-pg1-v17:~/Module1Eltex_clone# git clone https://github.com/FHN1V2/Module1Eltex.git
Cloning into 'Module1Eltex'...
remote: Enumerating objects: 15, done.
remote: Counting objects: 100% (15/15), done.
remote: Compressing objects: 100% (14/14), done.
remote: Total 15 (delta 0), reused 15 (delta 0), pack-reused 0 (from 0)
Receiving objects: 100% (15/15), 38.45 KiB | 336.00 KiB/s, done.
root@eltex-practice2-pg1-v17:~/Module1Eltex_clone# ls
Module1Eltex
root@eltex-practice2-pg1-v17:~/Module1Eltex_clone# 
 git status
On branch main
Your branch is up to date with 'origin/main'.

Changes not staged for commit:
  (use "git add <file>..." to update what will be committed)
  (use "git restore <file>..." to discard changes in working directory)
	modified:   practice2_eltex-pg1-v17_part3.log

no changes added to commit (use "git add" and/or "git commit -a")
root@eltex-practice2-pg1-v17:~/Module1Eltex/module1/task2# git add practice2_eltex-pg1-v17_part3.log 

